D:\Eagle_Eye_V1.0\backend\.venv\lib\site-packages\torchreid\reid\metrics\rank.py:11: UserWarning: Cython evaluation (very fast so highly recommended) is unavailable, now use python evaluation.
  warnings.warn(
GPU: NVIDIA GeForce RTX 5070 Ti  torch 2.11.0+cu128
Building train transforms ...
+ resize to 256x128
+ random flip
+ random crop (enlarge to 288x144 and crop 256x128)
+ to torch tensor of range [0, 1]
+ normalization (mean=[0.485, 0.456, 0.406], std=[0.229, 0.224, 0.225])
+ random erase
Building test transforms ...
+ resize to 256x128
+ to torch tensor of range [0, 1]
+ normalization (mean=[0.485, 0.456, 0.406], std=[0.229, 0.224, 0.225])
=> Loading train (source) dataset
=> Loaded Market1501
  ----------------------------------------
  subset   | # ids | # images | # cameras
  ----------------------------------------
  train    |   751 |    12936 |         6
  query    |   750 |     3368 |         6
  gallery  |   751 |    15913 |         6
  ----------------------------------------
=> Loading test (target) dataset
=> Loaded Market1501
  ----------------------------------------
  subset   | # ids | # images | # cameras
  ----------------------------------------
  train    |   751 |    12936 |         6
  query    |   750 |     3368 |         6
  gallery  |   751 |    15913 |         6
  ----------------------------------------


  **************** Summary ****************
  source            : ['market1501']
  # source datasets : 1
  # source ids      : 751
  # source images   : 12936
  # source cameras  : 6
  target            : ['market1501']
  *****************************************


Successfully loaded imagenet pretrained weights from "C:\Users\thaku/.cache\torch\checkpoints\osnet_x1_0_imagenet.pth"
** The following layers are discarded due to unmatched keys or layer size: ['classifier.weight', 'classifier.bias']
measuring ImageNet baseline ...
##### Evaluating market1501 (source) #####
Extracting features from query set ...
D:\Eagle_Eye_V1.0\backend\.venv\lib\site-packages\torchreid\reid\metrics\rank.py:11: UserWarning: Cython evaluation (very fast so highly recommended) is unavailable, now use python evaluation.
  warnings.warn(
D:\Eagle_Eye_V1.0\backend\.venv\lib\site-packages\torchreid\reid\metrics\rank.py:11: UserWarning: Cython evaluation (very fast so highly recommended) is unavailable, now use python evaluation.
  warnings.warn(
D:\Eagle_Eye_V1.0\backend\.venv\lib\site-packages\torchreid\reid\metrics\rank.py:11: UserWarning: Cython evaluation (very fast so highly recommended) is unavailable, now use python evaluation.
  warnings.warn(
D:\Eagle_Eye_V1.0\backend\.venv\lib\site-packages\torchreid\reid\metrics\rank.py:11: UserWarning: Cython evaluation (very fast so highly recommended) is unavailable, now use python evaluation.
  warnings.warn(
D:\Eagle_Eye_V1.0\backend\.venv\lib\site-packages\torchreid\reid\metrics\rank.py:11: UserWarning: Cython evaluation (very fast so highly recommended) is unavailable, now use python evaluation.
  warnings.warn(
D:\Eagle_Eye_V1.0\backend\.venv\lib\site-packages\torchreid\reid\metrics\rank.py:11: UserWarning: Cython evaluation (very fast so highly recommended) is unavailable, now use python evaluation.
  warnings.warn(
D:\Eagle_Eye_V1.0\backend\.venv\lib\site-packages\torchreid\reid\metrics\rank.py:11: UserWarning: Cython evaluation (very fast so highly recommended) is unavailable, now use python evaluation.
  warnings.warn(
D:\Eagle_Eye_V1.0\backend\.venv\lib\site-packages\torchreid\reid\metrics\rank.py:11: UserWarning: Cython evaluation (very fast so highly recommended) is unavailable, now use python evaluation.
  warnings.warn(
Done, obtained 3368-by-512 matrix
Extracting features from gallery set ...
D:\Eagle_Eye_V1.0\backend\.venv\lib\site-packages\torchreid\reid\metrics\rank.py:11: UserWarning: Cython evaluation (very fast so highly recommended) is unavailable, now use python evaluation.
  warnings.warn(
D:\Eagle_Eye_V1.0\backend\.venv\lib\site-packages\torchreid\reid\metrics\rank.py:11: UserWarning: Cython evaluation (very fast so highly recommended) is unavailable, now use python evaluation.
  warnings.warn(
D:\Eagle_Eye_V1.0\backend\.venv\lib\site-packages\torchreid\reid\metrics\rank.py:11: UserWarning: Cython evaluation (very fast so highly recommended) is unavailable, now use python evaluation.
  warnings.warn(
D:\Eagle_Eye_V1.0\backend\.venv\lib\site-packages\torchreid\reid\metrics\rank.py:11: UserWarning: Cython evaluation (very fast so highly recommended) is unavailable, now use python evaluation.
  warnings.warn(
D:\Eagle_Eye_V1.0\backend\.venv\lib\site-packages\torchreid\reid\metrics\rank.py:11: UserWarning: Cython evaluation (very fast so highly recommended) is unavailable, now use python evaluation.
  warnings.warn(
D:\Eagle_Eye_V1.0\backend\.venv\lib\site-packages\torchreid\reid\metrics\rank.py:11: UserWarning: Cython evaluation (very fast so highly recommended) is unavailable, now use python evaluation.
  warnings.warn(
D:\Eagle_Eye_V1.0\backend\.venv\lib\site-packages\torchreid\reid\metrics\rank.py:11: UserWarning: Cython evaluation (very fast so highly recommended) is unavailable, now use python evaluation.
  warnings.warn(
D:\Eagle_Eye_V1.0\backend\.venv\lib\site-packages\torchreid\reid\metrics\rank.py:11: UserWarning: Cython evaluation (very fast so highly recommended) is unavailable, now use python evaluation.
  warnings.warn(
Done, obtained 15913-by-512 matrix
Speed: 0.1284 sec/batch
Normalzing features with L2 norm ...
Computing distance matrix with metric=euclidean ...
Computing CMC and mAP ...
** Results **
mAP: 4.5%
CMC curve
Rank-1  : 14.7%
Rank-5  : 27.8%
Rank-10 : 34.0%
Rank-20 : 41.6%
baseline rank-1: 0.1470
=> Start training
D:\Eagle_Eye_V1.0\backend\.venv\lib\site-packages\torchreid\reid\metrics\rank.py:11: UserWarning: Cython evaluation (very fast so highly recommended) is unavailable, now use python evaluation.
  warnings.warn(
D:\Eagle_Eye_V1.0\backend\.venv\lib\site-packages\torchreid\reid\metrics\rank.py:11: UserWarning: Cython evaluation (very fast so highly recommended) is unavailable, now use python evaluation.
  warnings.warn(
D:\Eagle_Eye_V1.0\backend\.venv\lib\site-packages\torchreid\reid\metrics\rank.py:11: UserWarning: Cython evaluation (very fast so highly recommended) is unavailable, now use python evaluation.
  warnings.warn(
D:\Eagle_Eye_V1.0\backend\.venv\lib\site-packages\torchreid\reid\metrics\rank.py:11: UserWarning: Cython evaluation (very fast so highly recommended) is unavailable, now use python evaluation.
  warnings.warn(
D:\Eagle_Eye_V1.0\backend\.venv\lib\site-packages\torchreid\reid\metrics\rank.py:11: UserWarning: Cython evaluation (very fast so highly recommended) is unavailable, now use python evaluation.
  warnings.warn(
D:\Eagle_Eye_V1.0\backend\.venv\lib\site-packages\torchreid\reid\metrics\rank.py:11: UserWarning: Cython evaluation (very fast so highly recommended) is unavailable, now use python evaluation.
  warnings.warn(
D:\Eagle_Eye_V1.0\backend\.venv\lib\site-packages\torchreid\reid\metrics\rank.py:11: UserWarning: Cython evaluation (very fast so highly recommended) is unavailable, now use python evaluation.
  warnings.warn(
D:\Eagle_Eye_V1.0\backend\.venv\lib\site-packages\torchreid\reid\metrics\rank.py:11: UserWarning: Cython evaluation (very fast so highly recommended) is unavailable, now use python evaluation.
  warnings.warn(
epoch: [1/80][50/185]	time 0.141 (35.567)	data 0.000 (30.794)	eta 6 days, 1:43:35	loss_t 2.8265 (3.3703)	loss_x 6.5901 (7.3508)	acc 0.0000 (0.7500)	lr 0.001500
epoch: [1/80][100/185]	time 0.144 (17.857)	data 0.001 (15.397)	eta 3 days, 0:54:58	loss_t 1.4361 (2.6174)	loss_x 6.0006 (6.8996)	acc 7.8125 (2.3750)	lr 0.001500
epoch: [1/80][150/185]	time 0.106 (11.953)	data 0.000 (10.265)	eta 2 days, 0:38:26	loss_t 1.7474 (2.2184)	loss_x 4.4249 (6.3685)	acc 20.3125 (5.4688)	lr 0.001500
epoch: [2/80][50/185]	time 0.144 (0.150)	data 0.000 (0.005)	eta 0:36:25	loss_t 0.8791 (0.9972)	loss_x 5.2720 (4.8288)	acc 9.3750 (17.3750)	lr 0.001499
epoch: [2/80][100/185]	time 0.128 (0.149)	data 0.000 (0.002)	eta 0:36:08	loss_t 0.7669 (0.9373)	loss_x 3.6791 (4.4935)	acc 31.2500 (22.1562)	lr 0.001499
epoch: [2/80][150/185]	time 0.144 (0.149)	data 0.000 (0.002)	eta 0:36:01	loss_t 0.5303 (0.8633)	loss_x 3.1555 (4.1516)	acc 39.0625 (29.1667)	lr 0.001499
epoch: [3/80][50/185]	time 0.171 (0.151)	data 0.000 (0.005)	eta 0:36:17	loss_t 0.5000 (0.5664)	loss_x 3.5523 (3.7628)	acc 37.5000 (34.2812)	lr 0.001498
epoch: [3/80][100/185]	time 0.150 (0.149)	data 0.000 (0.002)	eta 0:35:40	loss_t 0.5344 (0.5638)	loss_x 2.8444 (3.4260)	acc 59.3750 (42.9531)	lr 0.001498
epoch: [3/80][150/185]	time 0.143 (0.148)	data 0.000 (0.002)	eta 0:35:17	loss_t 0.5326 (0.5221)	loss_x 2.4437 (3.1832)	acc 70.3125 (48.9583)	lr 0.001498
epoch: [4/80][50/185]	time 0.143 (0.147)	data 0.000 (0.004)	eta 0:34:53	loss_t 0.7658 (0.4996)	loss_x 2.9332 (3.0286)	acc 50.0000 (50.4688)	lr 0.001495
epoch: [4/80][100/185]	time 0.142 (0.148)	data 0.000 (0.002)	eta 0:34:54	loss_t 0.4039 (0.4496)	loss_x 2.2181 (2.8288)	acc 75.0000 (56.2812)	lr 0.001495
epoch: [4/80][150/185]	time 0.126 (0.149)	data 0.000 (0.001)	eta 0:34:54	loss_t 0.6397 (0.4459)	loss_x 2.0647 (2.6553)	acc 81.2500 (61.3542)	lr 0.001495
epoch: [5/80][50/185]	time 0.167 (0.149)	data 0.000 (0.003)	eta 0:34:52	loss_t 0.2904 (0.3306)	loss_x 2.0562 (2.6298)	acc 79.6875 (60.4688)	lr 0.001491
epoch: [5/80][100/185]	time 0.144 (0.147)	data 0.000 (0.002)	eta 0:34:07	loss_t 1.0145 (0.3212)	loss_x 2.1780 (2.4249)	acc 70.3125 (66.9844)	lr 0.001491
epoch: [5/80][150/185]	time 0.108 (0.146)	data 0.000 (0.001)	eta 0:33:45	loss_t 0.4249 (0.3211)	loss_x 1.9774 (2.2826)	acc 76.5625 (71.3333)	lr 0.001491
epoch: [6/80][50/185]	time 0.121 (0.149)	data 0.000 (0.004)	eta 0:34:15	loss_t 0.3799 (0.3037)	loss_x 1.8804 (2.3146)	acc 85.9375 (67.9688)	lr 0.001486
epoch: [6/80][100/185]	time 0.141 (0.146)	data 0.001 (0.002)	eta 0:33:29	loss_t 0.1315 (0.2732)	loss_x 1.7214 (2.1822)	acc 84.3750 (73.2188)	lr 0.001486
epoch: [6/80][150/185]	time 0.214 (0.145)	data 0.000 (0.001)	eta 0:33:15	loss_t 0.1449 (0.2623)	loss_x 1.8881 (2.0429)	acc 84.3750 (77.6562)	lr 0.001486
epoch: [7/80][50/185]	time 0.144 (0.145)	data 0.000 (0.003)	eta 0:32:58	loss_t 0.0050 (0.2427)	loss_x 1.6993 (2.0832)	acc 84.3750 (75.0312)	lr 0.001479
epoch: [7/80][100/185]	time 0.140 (0.146)	data 0.000 (0.001)	eta 0:32:57	loss_t 0.3998 (0.2298)	loss_x 1.7640 (1.9773)	acc 89.0625 (79.5469)	lr 0.001479
epoch: [7/80][150/185]	time 0.147 (0.144)	data 0.000 (0.001)	eta 0:32:30	loss_t 0.0960 (0.2059)	loss_x 1.7369 (1.8771)	acc 87.5000 (82.5417)	lr 0.001479
epoch: [8/80][50/185]	time 0.147 (0.144)	data 0.001 (0.003)	eta 0:32:22	loss_t 0.2044 (0.2187)	loss_x 1.7037 (1.9476)	acc 85.9375 (79.6562)	lr 0.001472
epoch: [8/80][100/185]	time 0.138 (0.142)	data 0.000 (0.001)	eta 0:31:49	loss_t 0.0517 (0.2104)	loss_x 1.6663 (1.8520)	acc 87.5000 (83.0781)	lr 0.001472
epoch: [8/80][150/185]	time 0.142 (0.142)	data 0.000 (0.001)	eta 0:31:39	loss_t 0.3412 (0.2047)	loss_x 1.7463 (1.7750)	acc 85.9375 (85.2083)	lr 0.001472
epoch: [9/80][50/185]	time 0.140 (0.146)	data 0.001 (0.003)	eta 0:32:14	loss_t 0.0479 (0.1987)	loss_x 1.5903 (1.8472)	acc 90.6250 (83.0000)	lr 0.001463
epoch: [9/80][100/185]	time 0.197 (0.146)	data 0.000 (0.002)	eta 0:32:14	loss_t 0.0962 (0.1762)	loss_x 1.6586 (1.7754)	acc 85.9375 (85.4844)	lr 0.001463
epoch: [9/80][150/185]	time 0.135 (0.145)	data 0.000 (0.001)	eta 0:31:54	loss_t 0.0029 (0.1558)	loss_x 1.5288 (1.6911)	acc 87.5000 (87.9896)	lr 0.001463
epoch: [10/80][50/185]	time 0.139 (0.146)	data 0.000 (0.003)	eta 0:31:54	loss_t 0.2960 (0.1953)	loss_x 1.8523 (1.7797)	acc 85.9375 (85.1562)	lr 0.001454
epoch: [10/80][100/185]	time 0.143 (0.222)	data 0.000 (0.002)	eta 0:48:15	loss_t 0.0266 (0.1721)	loss_x 1.5711 (1.7005)	acc 92.1875 (87.8438)	lr 0.001454
epoch: [10/80][150/185]	time 0.115 (0.196)	data 0.000 (0.001)	eta 0:42:27	loss_t 0.2490 (0.1685)	loss_x 1.5873 (1.6452)	acc 92.1875 (89.2917)	lr 0.001454
epoch: [11/80][50/185]	time 0.138 (0.146)	data 0.000 (0.004)	eta 0:31:29	loss_t 0.0526 (0.1248)	loss_x 1.5190 (1.6570)	acc 92.1875 (89.1875)	lr 0.001443
epoch: [11/80][100/185]	time 0.142 (0.143)	data 0.000 (0.002)	eta 0:30:43	loss_t 0.1674 (0.1226)	loss_x 1.6093 (1.6084)	acc 89.0625 (90.4375)	lr 0.001443
epoch: [11/80][150/185]	time 0.157 (0.141)	data 0.000 (0.001)	eta 0:30:08	loss_t 0.0359 (0.1154)	loss_x 1.3187 (1.5554)	acc 98.4375 (92.0417)	lr 0.001443
epoch: [12/80][50/185]	time 0.143 (0.146)	data 0.000 (0.003)	eta 0:30:59	loss_t 0.3752 (0.1420)	loss_x 1.4192 (1.5840)	acc 96.8750 (90.7500)	lr 0.001431
epoch: [12/80][100/185]	time 0.144 (0.145)	data 0.000 (0.002)	eta 0:30:34	loss_t 0.2775 (0.1375)	loss_x 1.3025 (1.5461)	acc 98.4375 (92.1094)	lr 0.001431
epoch: [12/80][150/185]	time 0.145 (0.144)	data 0.001 (0.001)	eta 0:30:14	loss_t 0.3908 (0.1290)	loss_x 1.3718 (1.5110)	acc 96.8750 (92.8958)	lr 0.001431
epoch: [13/80][50/185]	time 0.158 (0.147)	data 0.000 (0.004)	eta 0:30:41	loss_t 0.2042 (0.1320)	loss_x 1.5645 (1.5617)	acc 95.3125 (91.7812)	lr 0.001418
epoch: [13/80][100/185]	time 0.155 (0.146)	data 0.000 (0.002)	eta 0:30:22	loss_t 0.2135 (0.1194)	loss_x 1.5646 (1.5306)	acc 92.1875 (92.7031)	lr 0.001418
epoch: [13/80][150/185]	time 0.151 (0.146)	data 0.000 (0.001)	eta 0:30:09	loss_t 0.1186 (0.1187)	loss_x 1.4171 (1.4967)	acc 93.7500 (93.3958)	lr 0.001418
epoch: [14/80][50/185]	time 0.150 (0.148)	data 0.000 (0.003)	eta 0:30:33	loss_t 0.0000 (0.1088)	loss_x 1.5127 (1.5177)	acc 92.1875 (92.3750)	lr 0.001404
epoch: [14/80][100/185]	time 0.142 (0.147)	data 0.000 (0.002)	eta 0:30:02	loss_t 0.0018 (0.0992)	loss_x 1.3986 (1.4876)	acc 96.8750 (93.1719)	lr 0.001404
epoch: [14/80][150/185]	time 0.145 (0.146)	data 0.000 (0.001)	eta 0:29:43	loss_t 0.0422 (0.0973)	loss_x 1.4793 (1.4546)	acc 96.8750 (94.1250)	lr 0.001404
