violence: train 1591 positive / 1786 negative, test 313 / 260
  model selection on 192 / 187 validation bags
D:\Eagle_Eye_V1.0\training\train_anomaly.py:239: UserWarning: Converting a tensor with requires_grad=True to a scalar may lead to unexpected behavior.
Consider using tensor.detach() first. (Triggered internally at C:\actions-runner\_work\pytorch\pytorch\pytorch\torch\csrc\autograd\generated\python_variable_methods.cpp:837.)
  history.append({"epoch": epoch, "loss": round(float(loss), 4),
  epoch   1  loss 0.8996  val AUC 0.8350
  epoch  10  loss 0.4764  val AUC 0.8852
  epoch  20  loss 0.3655  val AUC 0.8993
  epoch  30  loss 0.4115  val AUC 0.9047
  epoch  40  loss 0.2253  val AUC 0.9060
  epoch  50  loss 0.2651  val AUC 0.9084
  epoch  60  loss 0.2867  val AUC 0.9116
{
  "task": "violence",
  "backbone": "r2plus1d_18 (Kinetics-400), 32 segments x 16 frames",
  "evaluation": "video-level AUC/AP on a held-out 15% of XD-Violence, split by source film (official test set not downloaded)",
  "video_auc": 0.8618,
  "video_ap": 0.8657,
  "threshold": 0.8827,
  "operating_point": {
    "threshold": 0.8827,
    "calibrated_on": "95th percentile of validation-normal video scores",
    "test_true_positive_rate": 0.6965,
    "test_false_positive_rate": 0.1538
  },
  "train_positive": 1399,
  "train_negative": 1599,
  "test_positive": 313,
  "test_negative": 260,
  "epochs": 60,
  "train_seconds": 106.3,
  "model_selection": "best epoch on a validation slice of the training data; the test split was evaluated once, after selection",
  "promotion": {
    "promoted": false,
    "min_test_auc": 0.7,
    "max_test_fpr": 0.15
  }
}
NOT promoted - kept in training/runs/anomaly only
